[INFO] Scanning for projects...
[INFO] 
[INFO] ----------------< com.tienda.universitaria:api-tienda >-----------------
[INFO] Building  0.0.1-SNAPSHOT
[INFO]   from pom.xml
[INFO] --------------------------------[ jar ]---------------------------------
[INFO] 
[INFO] >>> spring-boot:4.0.5:run (default-cli) > test-compile @ api-tienda >>>
[INFO] 
[INFO] --- resources:3.3.1:resources (default-resources) @ api-tienda ---
[INFO] Copying 1 resource from src\main\resources to target\classes
[INFO] Copying 12 resources from src\main\resources to target\classes
[INFO] 
[INFO] --- compiler:3.13.0:compile (default-compile) @ api-tienda ---
[INFO] Nothing to compile - all classes are up to date.
[INFO] 
[INFO] --- resources:3.3.1:testResources (default-testResources) @ api-tienda ---
[INFO] skip non existing resourceDirectory C:\Users\cerpa\api-tienda\src\test\resources
[INFO] 
[INFO] --- compiler:3.13.0:testCompile (default-testCompile) @ api-tienda ---
[INFO] Nothing to compile - all classes are up to date.
[INFO] 
[INFO] <<< spring-boot:4.0.5:run (default-cli) < test-compile @ api-tienda <<<
[INFO] 
[INFO] 
[INFO] --- spring-boot:4.0.5:run (default-cli) @ api-tienda ---
[INFO] Attaching agents: []

  .   ____          _            __ _ _
 /\\ / ___'_ __ _ _(_)_ __  __ _ \ \ \ \
( ( )\___ | '_ | '_| | '_ \/ _` | \ \ \ \
 \\/  ___)| |_)| | | | | || (_| |  ) ) ) )
  '  |____| .__|_| |_|_| |_\__, | / / / /
 =========|_|==============|___/=/_/_/_/

 :: Spring Boot ::                (v4.0.5)

2026-06-01T03:22:06.057-05:00  INFO 2112 --- [api-tienda] [           main] c.t.u.api.ApiTiendaApplication           : Starting ApiTiendaApplication using Java 21.0.10 with PID 2112 (C:\Users\cerpa\api-tienda\target\classes started by cerpa in C:\Users\cerpa\api-tienda)
2026-06-01T03:22:06.059-05:00  INFO 2112 --- [api-tienda] [           main] c.t.u.api.ApiTiendaApplication           : No active profile set, falling back to 1 default profile: "default"
2026-06-01T03:22:06.615-05:00  INFO 2112 --- [api-tienda] [           main] .s.d.r.c.RepositoryConfigurationDelegate : Bootstrapping Spring Data JPA repositories in DEFAULT mode.
2026-06-01T03:22:06.691-05:00  INFO 2112 --- [api-tienda] [           main] .s.d.r.c.RepositoryConfigurationDelegate : Finished Spring Data repository scanning in 65 ms. Found 9 JPA repository interfaces.
2026-06-01T03:22:07.101-05:00  INFO 2112 --- [api-tienda] [           main] o.s.boot.tomcat.TomcatWebServer          : Tomcat initialized with port 8081 (http)
2026-06-01T03:22:07.111-05:00  INFO 2112 --- [api-tienda] [           main] o.apache.catalina.core.StandardService   : Starting service [Tomcat]
2026-06-01T03:22:07.111-05:00  INFO 2112 --- [api-tienda] [           main] o.apache.catalina.core.StandardEngine    : Starting Servlet engine: [Apache Tomcat/11.0.20]
2026-06-01T03:22:07.162-05:00  INFO 2112 --- [api-tienda] [           main] b.w.c.s.WebApplicationContextInitializer : Root WebApplicationContext: initialization completed in 1061 ms
2026-06-01T03:22:07.276-05:00  INFO 2112 --- [api-tienda] [           main] org.hibernate.orm.jpa                    : HHH008540: Processing PersistenceUnitInfo [name: default]
2026-06-01T03:22:07.317-05:00  INFO 2112 --- [api-tienda] [           main] org.hibernate.orm.core                   : HHH000001: Hibernate ORM core version 7.2.7.Final
2026-06-01T03:22:07.666-05:00  INFO 2112 --- [api-tienda] [           main] o.s.o.j.p.SpringPersistenceUnitInfo      : No LoadTimeWeaver setup: ignoring JPA class transformer
2026-06-01T03:22:07.697-05:00  INFO 2112 --- [api-tienda] [           main] com.zaxxer.hikari.HikariDataSource       : HikariPool-1 - Starting...
2026-06-01T03:22:07.836-05:00  INFO 2112 --- [api-tienda] [           main] com.zaxxer.hikari.pool.HikariPool        : HikariPool-1 - Added connection org.postgresql.jdbc.PgConnection@1e95f584
2026-06-01T03:22:07.838-05:00  INFO 2112 --- [api-tienda] [           main] com.zaxxer.hikari.HikariDataSource       : HikariPool-1 - Start completed.
2026-06-01T03:22:07.859-05:00  WARN 2112 --- [api-tienda] [           main] org.hibernate.orm.deprecation            : HHH90000025: PostgreSQLDialect does not need to be specified explicitly using 'hibernate.dialect' (remove the property setting and it will be selected by default)
2026-06-01T03:22:07.882-05:00  INFO 2112 --- [api-tienda] [           main] org.hibernate.orm.connections.pooling    : HHH10001005: Database info:
	Database JDBC URL [jdbc:postgresql://localhost:5433/lms_db]
	Database driver: PostgreSQL JDBC Driver
	Database dialect: PostgreSQLDialect
	Database version: 15.17
	Default catalog/schema: lms_db/public
	Autocommit mode: undefined/unknown
	Isolation level: READ_COMMITTED [default READ_COMMITTED]
	JDBC fetch size: none
	Pool: DataSourceConnectionProvider
	Minimum pool size: undefined/unknown
	Maximum pool size: undefined/unknown
2026-06-01T03:22:08.881-05:00  INFO 2112 --- [api-tienda] [           main] org.hibernate.orm.core                   : HHH000489: No JTA platform available (set 'hibernate.transaction.jta.platform' to enable JTA platform integration)
2026-06-01T03:22:08.976-05:00  INFO 2112 --- [api-tienda] [           main] j.LocalContainerEntityManagerFactoryBean : Initialized JPA EntityManagerFactory for persistence unit 'default'
2026-06-01T03:22:09.021-05:00  INFO 2112 --- [api-tienda] [           main] o.s.d.j.r.query.QueryEnhancerFactories   : Hibernate is in classpath; If applicable, HQL parser will be used.
2026-06-01T03:22:10.287-05:00  INFO 2112 --- [api-tienda] [           main] r$InitializeUserDetailsManagerConfigurer : Global AuthenticationManager configured with UserDetailsService bean with name jpaUserDetailsService
2026-06-01T03:22:10.328-05:00  WARN 2112 --- [api-tienda] [           main] JpaBaseConfiguration$JpaWebConfiguration : spring.jpa.open-in-view is enabled by default. Therefore, database queries may be performed during view rendering. Explicitly configure spring.jpa.open-in-view to disable this warning
2026-06-01T03:22:10.720-05:00  INFO 2112 --- [api-tienda] [           main] o.s.boot.tomcat.TomcatWebServer          : Tomcat started on port 8081 (http) with context path '/'
2026-06-01T03:22:10.720-05:00  INFO 2112 --- [api-tienda] [           main] c.t.u.api.ApiTiendaApplication           : Started ApiTiendaApplication in 5.0 seconds (process running for 5.336)
